#0 building with "default" instance using docker driver

#1 [internal] load build definition from Dockerfile
#1 transferring dockerfile: 778B done
#1 DONE 0.0s

#2 [internal] load metadata for docker.io/library/alpine:3.20
#2 DONE 0.0s

#3 [internal] load metadata for docker.io/library/golang:1.25.13-alpine
#3 DONE 0.0s

#4 [internal] load .dockerignore
#4 transferring context: 2B done
#4 DONE 0.0s

#5 [internal] load build context
#5 DONE 0.0s

#6 [build 1/6] FROM docker.io/library/golang:1.25.13-alpine@sha256:1e0126852075c9c60731c8ba49088448b91f63e2aed97ca9d1a9791622a05946
#6 resolve docker.io/library/golang:1.25.13-alpine@sha256:1e0126852075c9c60731c8ba49088448b91f63e2aed97ca9d1a9791622a05946 0.0s done
#6 DONE 0.0s

#7 [stage-1 1/3] FROM docker.io/library/alpine:3.20@sha256:d9e853e87e55526f6b2917df91a2115c36dd7c696a35be12163d44e6e2a4b6bc
#7 resolve docker.io/library/alpine:3.20@sha256:d9e853e87e55526f6b2917df91a2115c36dd7c696a35be12163d44e6e2a4b6bc
#7 resolve docker.io/library/alpine:3.20@sha256:d9e853e87e55526f6b2917df91a2115c36dd7c696a35be12163d44e6e2a4b6bc 0.0s done
#7 DONE 0.0s

#5 [internal] load build context
#5 transferring context: 4.75MB 0.1s done
#5 DONE 0.1s

#8 [build 2/6] WORKDIR /src
#8 CACHED

#9 [build 3/6] COPY runtimeadmin ./runtimeadmin
#9 CACHED

#10 [build 4/6] COPY pkg ./pkg
#10 DONE 0.2s

#11 [build 5/6] COPY services/auth-service ./services/auth-service
#11 DONE 31.2s

#7 [stage-1 1/3] FROM docker.io/library/alpine:3.20@sha256:d9e853e87e55526f6b2917df91a2115c36dd7c696a35be12163d44e6e2a4b6bc
#7 CACHED

#12 [build 6/6] RUN --mount=type=cache,target=/go/pkg/mod     --mount=type=cache,target=/root/.cache/go-build 	go work init ./runtimeadmin ./pkg ./services/auth-service &&     cd services/auth-service &&     CGO_ENABLED=0 go build -tags stdjson -ldflags "-s -w" -o /out/auth-service .
#12 0.469 go: downloading github.com/jackc/pgx/v5 v5.9.2
#12 0.485 go: downloading github.com/nats-io/nats.go v1.36.0
#12 1.995 go: downloading github.com/redis/go-redis/v9 v9.6.3
#12 2.110 go: downloading google.golang.org/grpc v1.82.1
#12 2.863 go: downloading github.com/google/uuid v1.6.0
#12 2.954 go: downloading golang.org/x/crypto v0.51.0
#12 2.981 go: downloading google.golang.org/genproto/googleapis/rpc v0.0.0-20260414002931-afd174a4e478
#12 2.981 go: downloading google.golang.org/protobuf v1.36.11
#12 3.369 go: downloading github.com/jackc/puddle/v2 v2.2.2
#12 3.545 go: downloading github.com/klauspost/compress v1.17.2
#12 3.553 go: downloading github.com/nats-io/nkeys v0.4.7
#12 3.553 go: downloading github.com/nats-io/nuid v1.0.1
#12 3.612 go: downloading github.com/cespare/xxhash/v2 v2.3.0
#12 3.708 go: downloading github.com/dgryski/go-rendezvous v0.0.0-20200823014737-9f7001d12a5f
#12 3.715 go: downloading golang.org/x/net v0.55.0
#12 3.893 go: downloading github.com/jackc/pgpassfile v1.0.0
#12 3.894 go: downloading github.com/jackc/pgservicefile v0.0.0-20240606120523-5a60cdf6a761
#12 4.050 go: downloading golang.org/x/text v0.39.0
#12 4.064 go: downloading golang.org/x/sync v0.21.0
#12 4.118 go: downloading golang.org/x/sys v0.45.0
#12 7.347 go: updates to go.mod needed; to update it:
#12 7.347 	go mod tidy
#12 ERROR: process "/bin/sh -c go work init ./runtimeadmin ./pkg ./services/auth-service &&     cd services/auth-service &&     CGO_ENABLED=0 go build -tags stdjson -ldflags \"-s -w\" -o /out/auth-service ." did not complete successfully: exit code: 1
------
 > [build 6/6] RUN --mount=type=cache,target=/go/pkg/mod     --mount=type=cache,target=/root/.cache/go-build 	go work init ./runtimeadmin ./pkg ./services/auth-service &&     cd services/auth-service &&     CGO_ENABLED=0 go build -tags stdjson -ldflags "-s -w" -o /out/auth-service .:
3.612 go: downloading github.com/cespare/xxhash/v2 v2.3.0
3.708 go: downloading github.com/dgryski/go-rendezvous v0.0.0-20200823014737-9f7001d12a5f
3.715 go: downloading golang.org/x/net v0.55.0
3.893 go: downloading github.com/jackc/pgpassfile v1.0.0
3.894 go: downloading github.com/jackc/pgservicefile v0.0.0-20240606120523-5a60cdf6a761
4.050 go: downloading golang.org/x/text v0.39.0
4.064 go: downloading golang.org/x/sync v0.21.0
4.118 go: downloading golang.org/x/sys v0.45.0
7.347 go: updates to go.mod needed; to update it:
7.347 	go mod tidy
------
Dockerfile:10
--------------------
   9 |
  10 | >>> RUN --mount=type=cache,target=/go/pkg/mod \
  11 | >>>     --mount=type=cache,target=/root/.cache/go-build \
  12 | >>> 	go work init ./runtimeadmin ./pkg ./services/auth-service && \
  13 | >>>     cd services/auth-service && \
  14 | >>>     CGO_ENABLED=0 go build -tags stdjson -ldflags "-s -w" -o /out/auth-service .
  15 |
--------------------
ERROR: failed to build: failed to solve: process "/bin/sh -c go work init ./runtimeadmin ./pkg ./services/auth-service &&     cd services/auth-service &&     CGO_ENABLED=0 go build -tags stdjson -ldflags \"-s -w\" -o /out/auth-service ." did not complete successfully: exit code: 1
